Archive member included because of file (symbol)

C:/StellarisWare/driverlib/gcc-cm3\libdriver-cm3.a(gpio.o)
                              C:\cygwin\tmp\ccayOEV5.o (GPIOPadConfigSet)
C:/StellarisWare/driverlib/gcc-cm3\libdriver-cm3.a(interrupt.o)
                              C:/StellarisWare/driverlib/gcc-cm3\libdriver-cm3.a(gpio.o) (IntRegister)
C:/StellarisWare/driverlib/gcc-cm3\libdriver-cm3.a(ssi.o)
                              C:\cygwin\tmp\ccayOEV5.o (SSIConfigSetExpClk)
C:/StellarisWare/driverlib/gcc-cm3\libdriver-cm3.a(sysctl.o)
                              C:\cygwin\tmp\cc4BpF4K.o (SysCtlPeripheralEnable)
C:/StellarisWare/driverlib/gcc-cm3\libdriver-cm3.a(uart.o)
                              C:\cygwin\tmp\cc4BpF4K.o (UARTConfigSetExpClk)
C:/StellarisWare/driverlib/gcc-cm3\libdriver-cm3.a(cpu.o)
                              C:/StellarisWare/driverlib/gcc-cm3\libdriver-cm3.a(interrupt.o) (CPUcpsid)
c:/program files (x86)/codesourcery/sourcery g++ lite/bin/../lib/gcc/arm-none-eabi/4.4.1/../../../../arm-none-eabi/lib/thumb2\libc.a(lib_a-errno.o)
                              C:\cygwin\tmp\ccYtERG5.o (__errno)
c:/program files (x86)/codesourcery/sourcery g++ lite/bin/../lib/gcc/arm-none-eabi/4.4.1/../../../../arm-none-eabi/lib/thumb2\libc.a(lib_a-exit.o)
                              C:\cygwin\tmp\cc4BpF4K.o (exit)
c:/program files (x86)/codesourcery/sourcery g++ lite/bin/../lib/gcc/arm-none-eabi/4.4.1/../../../../arm-none-eabi/lib/thumb2\libc.a(lib_a-impure.o)
                              c:/program files (x86)/codesourcery/sourcery g++ lite/bin/../lib/gcc/arm-none-eabi/4.4.1/../../../../arm-none-eabi/lib/thumb2\libc.a(lib_a-errno.o) (_impure_ptr)
c:/program files (x86)/codesourcery/sourcery g++ lite/bin/../lib/gcc/arm-none-eabi/4.4.1/../../../../arm-none-eabi/lib/thumb2\libc.a(lib_a-iprintf.o)
                              C:\cygwin\tmp\cc4BpF4K.o (iprintf)
c:/program files (x86)/codesourcery/sourcery g++ lite/bin/../lib/gcc/arm-none-eabi/4.4.1/../../../../arm-none-eabi/lib/thumb2\libc.a(lib_a-malloc.o)
                              C:\cygwin\tmp\cc4BpF4K.o (free)
c:/program files (x86)/codesourcery/sourcery g++ lite/bin/../lib/gcc/arm-none-eabi/4.4.1/../../../../arm-none-eabi/lib/thumb2\libc.a(lib_a-mallocr.o)
                              c:/program files (x86)/codesourcery/sourcery g++ lite/bin/../lib/gcc/arm-none-eabi/4.4.1/../../../../arm-none-eabi/lib/thumb2\libc.a(lib_a-malloc.o) (_malloc_r)
c:/program files (x86)/codesourcery/sourcery g++ lite/bin/../lib/gcc/arm-none-eabi/4.4.1/../../../../arm-none-eabi/lib/thumb2\libc.a(lib_a-mlock.o)
                              c:/program files (x86)/codesourcery/sourcery g++ lite/bin/../lib/gcc/arm-none-eabi/4.4.1/../../../../arm-none-eabi/lib/thumb2\libc.a(lib_a-mallocr.o) (__malloc_lock)
c:/program files (x86)/codesourcery/sourcery g++ lite/bin/../lib/gcc/arm-none-eabi/4.4.1/../../../../arm-none-eabi/lib/thumb2\libc.a(lib_a-sbrkr.o)
                              c:/program files (x86)/codesourcery/sourcery g++ lite/bin/../lib/gcc/arm-none-eabi/4.4.1/../../../../arm-none-eabi/lib/thumb2\libc.a(lib_a-mallocr.o) (_sbrk_r)
c:/program files (x86)/codesourcery/sourcery g++ lite/bin/../lib/gcc/arm-none-eabi/4.4.1/../../../../arm-none-eabi/lib/thumb2\libc.a(lib_a-setjmp.o)
                              C:\cygwin\tmp\cc4BpF4K.o (setjmp)
c:/program files (x86)/codesourcery/sourcery g++ lite/bin/../lib/gcc/arm-none-eabi/4.4.1/../../../../arm-none-eabi/lib/thumb2\libc.a(lib_a-vfiprintf.o)
                              c:/program files (x86)/codesourcery/sourcery g++ lite/bin/../lib/gcc/arm-none-eabi/4.4.1/../../../../arm-none-eabi/lib/thumb2\libc.a(lib_a-iprintf.o) (_vfiprintf_r)
c:/program files (x86)/codesourcery/sourcery g++ lite/bin/../lib/gcc/arm-none-eabi/4.4.1/../../../../arm-none-eabi/lib/thumb2\libc.a(lib_a-wsetup.o)
                              c:/program files (x86)/codesourcery/sourcery g++ lite/bin/../lib/gcc/arm-none-eabi/4.4.1/../../../../arm-none-eabi/lib/thumb2\libc.a(lib_a-vfiprintf.o) (__swsetup_r)
c:/program files (x86)/codesourcery/sourcery g++ lite/bin/../lib/gcc/arm-none-eabi/4.4.1/../../../../arm-none-eabi/lib/thumb2\libc.a(lib_a-__call_atexit.o)
                              c:/program files (x86)/codesourcery/sourcery g++ lite/bin/../lib/gcc/arm-none-eabi/4.4.1/../../../../arm-none-eabi/lib/thumb2\libc.a(lib_a-exit.o) (__call_exitprocs)
c:/program files (x86)/codesourcery/sourcery g++ lite/bin/../lib/gcc/arm-none-eabi/4.4.1/../../../../arm-none-eabi/lib/thumb2\libc.a(lib_a-atexit.o)
                              c:/program files (x86)/codesourcery/sourcery g++ lite/bin/../lib/gcc/arm-none-eabi/4.4.1/../../../../arm-none-eabi/lib/thumb2\libc.a(lib_a-__call_atexit.o) (atexit)
c:/program files (x86)/codesourcery/sourcery g++ lite/bin/../lib/gcc/arm-none-eabi/4.4.1/../../../../arm-none-eabi/lib/thumb2\libc.a(lib_a-fflush.o)
[...]
Memory Configuration

Name             Origin             Length             Attributes
FLASH            0x00000000         0x00040000         xr
SRAM             0x20000000         0x00010000         xrw
*default*        0x00000000         0xffffffff

Linker script and memory map

LOAD c:/program files (x86)/codesourcery/sourcery g++ lite/bin/../lib/gcc/arm-none-eabi/4.4.1/thumb2/crti.o
LOAD c:/program files (x86)/codesourcery/sourcery g++ lite/bin/../lib/gcc/arm-none-eabi/4.4.1/thumb2/crtbegin.o
LOAD C:\cygwin\tmp\cc4BpF4K.o
LOAD C:\cygwin\tmp\ccfGDCXj.o
LOAD C:\cygwin\tmp\ccYtERG5.o
LOAD C:\cygwin\tmp\ccayOEV5.o
LOAD C:\cygwin\tmp\ccMZJb5a.o
LOAD C:\cygwin\tmp\ccEN62Pk.o
LOAD C:\cygwin\tmp\ccMx9IiC.o
LOAD C:\cygwin\tmp\ccMVSzx2.o
LOAD C:/StellarisWare/driverlib/gcc-cm3\libdriver-cm3.a
START GROUP
LOAD c:/program files (x86)/codesourcery/sourcery g++ lite/bin/../lib/gcc/arm-none-eabi/4.4.1/thumb2\libgcc.a
LOAD c:/program files (x86)/codesourcery/sourcery g++ lite/bin/../lib/gcc/arm-none-eabi/4.4.1/../../../../arm-none-eabi/lib/thumb2\libc.a
END GROUP
LOAD c:/program files (x86)/codesourcery/sourcery g++ lite/bin/../lib/gcc/arm-none-eabi/4.4.1/thumb2/crtend.o
LOAD c:/program files (x86)/codesourcery/sourcery g++ lite/bin/../lib/gcc/arm-none-eabi/4.4.1/thumb2/crtn.o

.text           0x00000000     0x472c
                0x00000000                _text = .
 *(.isr_vector)
 .isr_vector    0x00000000       0xf0 C:\cygwin\tmp\ccfGDCXj.o
                0x00000000                g_pfnVectors
 *(.text*)
 .text          0x000000f0      0x19c C:\cygwin\tmp\cc4BpF4K.o
                0x000000f0                lock_init
                0x000000f8                lock_release
                0x00000100                yield
                0x0000012c                threadStarter
                0x00000158                scheduler
                0x000001d8                main
 .text          0x0000028c       0x48 C:\cygwin\tmp\ccfGDCXj.o
                0x00000292                ResetISR
 .text          0x000002d4       0xd8 C:\cygwin\tmp\ccYtERG5.o
                0x000002d4                _lseek
                0x000002d8                _open
                0x000002e0                _close
                0x000002e4                _exit
                0x000002e6                _kill
                0x000002ea                _getpid
                0x000002ee                _fstat
                0x000002f2                _stat
                0x000002f8                _link
                0x000002fe                _unlink
                0x00000304                _raise
                0x00000306                _gettimeofday
                0x0000030a                _times
                0x0000030e                _isatty
                0x00000312                _rename
                0x00000322                _system
                0x00000336                _sbrk
                0x00000368                _write
                0x00000388                _read
 .text          0x000003ac      0x368 C:\cygwin\tmp\ccayOEV5.o
                0x000003ec                RIT128x96x4DisplayOff
                0x000003f8                RIT128x96x4DisplayOn
                0x00000458                RIT128x96x4ImageDraw
                0x000004c0                RIT128x96x4StringDraw
                0x00000598                RIT128x96x4Clear
                0x000005ec                RIT128x96x4Disable
                0x00000634                RIT128x96x4Enable
                0x00000690                RIT128x96x4Init
 .text          0x00000714       0x10 C:\cygwin\tmp\ccMZJb5a.o
                0x00000714                createThread
 .text          0x00000724       0x24 C:\cygwin\tmp\ccEN62Pk.o
                0x00000724                lock_acquire
 .text          0x00000748       0x88 C:\cygwin\tmp\ccMx9IiC.o
                0x00000748                unlockUart_force
                0x00000764                unlockUart
                0x00000790                lockUart
 .text          0x000007d0       0x6c C:\cygwin\tmp\ccMVSzx2.o
                0x000007d0                thread2
                0x000007fc                thread1
 .text.GPIODirModeSet
                0x0000083c       0x2e C:/StellarisWare/driverlib/gcc-cm3\libdriver-cm3.a(gpio.o)
                0x0000083c                GPIODirModeSet
 .text.GPIOPadConfigSet
                0x0000086a       0xc8 C:/StellarisWare/driverlib/gcc-cm3\libdriver-cm3.a(gpio.o)
                0x0000086a                GPIOPadConfigSet
 .text.GPIOPinWrite
                0x00000932        0x6 C:/StellarisWare/driverlib/gcc-cm3\libdriver-cm3.a(gpio.o)
                0x00000932                GPIOPinWrite
 .text.GPIOPinTypeGPIOOutput
                0x00000938       0x1c C:/StellarisWare/driverlib/gcc-cm3\libdriver-cm3.a(gpio.o)
                0x00000938                GPIOPinTypeGPIOOutput
 .text.GPIOPinTypeSSI
                0x00000954       0x1c C:/StellarisWare/driverlib/gcc-cm3\libdriver-cm3.a(gpio.o)
                0x00000954                GPIOPinTypeSSI
 .text.GPIOPinTypeUART
                0x00000970       0x1c C:/StellarisWare/driverlib/gcc-cm3\libdriver-cm3.a(gpio.o)
                0x00000970                GPIOPinTypeUART
 .text.SSIConfigSetExpClk
                0x0000098c       0x4a C:/StellarisWare/driverlib/gcc-cm3\libdriver-cm3.a(ssi.o)
                0x0000098c                SSIConfigSetExpClk
 .text.SSIEnable
                0x000009d6        0xa C:/StellarisWare/driverlib/gcc-cm3\libdriver-cm3.a(ssi.o)
                0x000009d6                SSIEnable
 .text.SSIDisable
                0x000009e0        0xa C:/StellarisWare/driverlib/gcc-cm3\libdriver-cm3.a(ssi.o)
                0x000009e0                SSIDisable
 .text.SSIDataPut
                0x000009ea        0xc C:/StellarisWare/driverlib/gcc-cm3\libdriver-cm3.a(ssi.o)
                0x000009ea                SSIDataPut
 .text.SSIDataGet
                0x000009f6        0xe C:/StellarisWare/driverlib/gcc-cm3\libdriver-cm3.a(ssi.o)
                0x000009f6                SSIDataGet
 .text.SSIDataGetNonBlocking
                0x00000a04       0x14 C:/StellarisWare/driverlib/gcc-cm3\libdriver-cm3.a(ssi.o)
                0x00000a04                SSIDataGetNonBlocking
 .text.SysCtlPeripheralEnable
                0x00000a18       0x5c C:/StellarisWare/driverlib/gcc-cm3\libdriver-cm3.a(sysctl.o)
                0x00000a18                SysCtlPeripheralEnable
 .text.SysCtlDelay
                0x00000a74        0x6 C:/StellarisWare/driverlib/gcc-cm3\libdriver-cm3.a(sysctl.o)
                0x00000a74                SysCtlDelay
 *fill*         0x00000a7a        0x2 00
 .text.SysCtlClockSet
                0x00000a7c      0x174 C:/StellarisWare/driverlib/gcc-cm3\libdriver-cm3.a(sysctl.o)
                0x00000a7c                SysCtlClockSet
 .text.SysCtlClockGet
                0x00000bf0      0x1dc C:/StellarisWare/driverlib/gcc-cm3\libdriver-cm3.a(sysctl.o)
                0x00000bf0                SysCtlClockGet
 .text.UARTEnable
                0x00000dcc       0x16 C:/StellarisWare/driverlib/gcc-cm3\libdriver-cm3.a(uart.o)
                0x00000dcc                UARTEnable
 .text.UARTDisable
                0x00000de2       0x1e C:/StellarisWare/driverlib/gcc-cm3\libdriver-cm3.a(uart.o)
                0x00000de2                UARTDisable
 .text.UARTConfigSetExpClk
                0x00000e00       0x4e C:/StellarisWare/driverlib/gcc-cm3\libdriver-cm3.a(uart.o)
                0x00000e00                UARTConfigSetExpClk
 .text.UARTCharGetNonBlocking
                0x00000e4e       0x10 C:/StellarisWare/driverlib/gcc-cm3\libdriver-cm3.a(uart.o)
                0x00000e4e                UARTCharGetNonBlocking
 .text.UARTCharPut
                0x00000e5e        0xc C:/StellarisWare/driverlib/gcc-cm3\libdriver-cm3.a(uart.o)
                0x00000e5e                UARTCharPut
 *fill*         0x00000e6a        0x2 00
 .text          0x00000e6c        0xc c:/program files (x86)/codesourcery/sourcery g++ lite/bin/../lib/gcc/arm-none-eabi/4.4.1/../../../../arm-none-eabi/lib/thumb2\libc.a(lib_a-errno.o)
                0x00000e6c                __errno
 .text          0x00000e78       0x20 c:/program files (x86)/codesourcery/sourcery g++ lite/bin/../lib/gcc/arm-none-eabi/4.4.1/../../../../arm-none-eabi/lib/thumb2\libc.a(lib_a-exit.o)
                0x00000e78                exit
 .text          0x00000e98       0x64 c:/program files (x86)/codesourcery/sourcery g++ lite/bin/../lib/gcc/arm-none-eabi/4.4.1/../../../../arm-none-eabi/lib/thumb2\libc.a(lib_a-iprintf.o)
                0x00000e98                _iprintf_r
                0x00000ec4                iprintf
 .text          0x00000efc       0x20 c:/program files (x86)/codesourcery/sourcery g++ lite/bin/../lib/gcc/arm-none-eabi/4.4.1/../../../../arm-none-eabi/lib/thumb2\libc.a(lib_a-malloc.o)
                0x00000efc                free
                0x00000f0c                malloc
 .text          0x00000f1c      0x5a4 c:/program files (x86)/codesourcery/sourcery g++ lite/bin/../lib/gcc/arm-none-eabi/4.4.1/../../../../arm-none-eabi/lib/thumb2\libc.a(lib_a-mallocr.o)
                0x00000f1c                _malloc_r
 .text          0x000014c0        0x8 c:/program files (x86)/codesourcery/sourcery g++ lite/bin/../lib/gcc/arm-none-eabi/4.4.1/../../../../arm-none-eabi/lib/thumb2\libc.a(lib_a-mlock.o)
                0x000014c0                __malloc_lock
                0x000014c4                __malloc_unlock
 .text          0x000014c8       0x28 c:/program files (x86)/codesourcery/sourcery g++ lite/bin/../lib/gcc/arm-none-eabi/4.4.1/../../../../arm-none-eabi/lib/thumb2\libc.a(lib_a-sbrkr.o)
                0x000014c8                _sbrk_r
 .text          0x000014f0       0x1c c:/program files (x86)/codesourcery/sourcery g++ lite/bin/../lib/gcc/arm-none-eabi/4.4.1/../../../../arm-none-eabi/lib/thumb2\libc.a(lib_a-setjmp.o)
                0x000014f0                setjmp
                0x000014fc                longjmp
 .text          0x0000150c      0xd38 c:/program files (x86)/codesourcery/sourcery g++ lite/bin/../lib/gcc/arm-none-eabi/4.4.1/../../../../arm-none-eabi/lib/thumb2\libc.a(lib_a-vfiprintf.o)
                0x00001528                _vfiprintf_r
                0x00002228                vfiprintf
 .text          0x00002244      0x104 c:/program files (x86)/codesourcery/sourcery g++ lite/bin/../lib/gcc/arm-none-eabi/4.4.1/../../../../arm-none-eabi/lib/thumb2\libc.a(lib_a-wsetup.o)
                0x00002244                __swsetup_r
 .text          0x00002348      0x130 c:/program files (x86)/codesourcery/sourcery g++ lite/bin/../lib/gcc/arm-none-eabi/4.4.1/../../../../arm-none-eabi/lib/thumb2\libc.a(lib_a-__call_atexit.o)
                0x00002348                __call_exitprocs
 .text          0x00002478        0xc c:/program files (x86)/codesourcery/sourcery g++ lite/bin/../lib/gcc/arm-none-eabi/4.4.1/../../../../arm-none-eabi/lib/thumb2\libc.a(lib_a-atexit.o)
                0x00002478                atexit
 .text          0x00002484      0x178 c:/program files (x86)/codesourcery/sourcery g++ lite/bin/../lib/gcc/arm-none-eabi/4.4.1/../../../../arm-none-eabi/lib/thumb2\libc.a(lib_a-fflush.o)
                0x00002484                _fflush_r
                0x000025d4                fflush
 .text          0x000025fc      0x1c8 c:/program files (x86)/codesourcery/sourcery g++ lite/bin/../lib/gcc/arm-none-eabi/4.4.1/../../../../arm-none-eabi/lib/thumb2\libc.a(lib_a-findfp.o)
                0x000025fc                __sfp_lock_acquire
                0x00002600                __sfp_lock_release
                0x00002604                __sinit_lock_acquire
                0x00002608                __sinit_lock_release
                0x00002614                __fp_unlock_all
                0x0000262c                __fp_lock_all
                0x00002644                _cleanup_r
                0x00002650                _cleanup
                0x000026ac                __sfmoreglue
                0x000026dc                __sfp
                0x00002764                __sinit
 .text          0x000027c4       0x30 c:/program files (x86)/codesourcery/sourcery g++ lite/bin/../lib/gcc/arm-none-eabi/4.4.1/../../../../arm-none-eabi/lib/thumb2\libc.a(lib_a-fini.o)
                0x000027c4                __libc_fini_array
 .text          0x000027f4      0x268 c:/program files (x86)/codesourcery/sourcery g++ lite/bin/../lib/gcc/arm-none-eabi/4.4.1/../../../../arm-none-eabi/lib/thumb2\libc.a(lib_a-freer.o)
                0x000027f4                _malloc_trim_r
                0x0000289c                _free_r
 .text          0x00002a5c      0x334 c:/program files (x86)/codesourcery/sourcery g++ lite/bin/../lib/gcc/arm-none-eabi/4.4.1/../../../../arm-none-eabi/lib/thumb2\libc.a(lib_a-fvwrite.o)
                0x00002a5c                __sfvwrite_r
 .text          0x00002d90       0xa0 c:/program files (x86)/codesourcery/sourcery g++ lite/bin/../lib/gcc/arm-none-eabi/4.4.1/../../../../arm-none-eabi/lib/thumb2\libc.a(lib_a-fwalk.o)
                0x00002d90                _fwalk_reent
                0x00002de4                _fwalk
 .text          0x00002e30       0xdc c:/program files (x86)/codesourcery/sourcery g++ lite/bin/../lib/gcc/arm-none-eabi/4.4.1/../../../../arm-none-eabi/lib/thumb2\libc.a(lib_a-makebuf.o)
                0x00002e30                __smakebuf_r
 .text          0x00002f0c       0x74 c:/program files (x86)/codesourcery/sourcery g++ lite/bin/../lib/gcc/arm-none-eabi/4.4.1/../../../../arm-none-eabi/lib/thumb2\libc.a(lib_a-memchr.o)
                0x00002f0c                memchr
 .text          0x00002f80      0x190 c:/program files (x86)/codesourcery/sourcery g++ lite/bin/../lib/gcc/arm-none-eabi/4.4.1/../../../../arm-none-eabi/lib/thumb2\libc.a(lib_a-memcpy.o)
                0x00002f80                memcpy
 .text          0x00003110       0xb8 c:/program files (x86)/codesourcery/sourcery g++ lite/bin/../lib/gcc/arm-none-eabi/4.4.1/../../../../arm-none-eabi/lib/thumb2\libc.a(lib_a-memmove.o)
                0x00003110                memmove
 .text          0x000031c8       0xd4 c:/program files (x86)/codesourcery/sourcery g++ lite/bin/../lib/gcc/arm-none-eabi/4.4.1/../../../../arm-none-eabi/lib/thumb2\libc.a(lib_a-memset.o)
                0x000031c8                memset
 .text          0x0000329c      0x3b4 c:/program files (x86)/codesourcery/sourcery g++ lite/bin/../lib/gcc/arm-none-eabi/4.4.1/../../../../arm-none-eabi/lib/thumb2\libc.a(lib_a-reallocr.o)
                0x0000329c                _realloc_r
 .text          0x00003650       0x90 c:/program files (x86)/codesourcery/sourcery g++ lite/bin/../lib/gcc/arm-none-eabi/4.4.1/../../../../arm-none-eabi/lib/thumb2\libc.a(lib_a-stdio.o)
                0x00003650                __sclose
                0x00003658                __sseek
                0x00003680                __swrite
                0x000036bc                __sread
 .text          0x000036e0       0x60 c:/program files (x86)/codesourcery/sourcery g++ lite/bin/../lib/gcc/arm-none-eabi/4.4.1/../../../../arm-none-eabi/lib/thumb2\libc.a(lib_a-strlen.o)
                0x000036e0                strlen
 .text          0x00003740       0x2c c:/program files (x86)/codesourcery/sourcery g++ lite/bin/../lib/gcc/arm-none-eabi/4.4.1/../../../../arm-none-eabi/lib/thumb2\libc.a(lib_a-writer.o)
                0x00003740                _write_r
 .text          0x0000376c       0xe8 c:/program files (x86)/codesourcery/sourcery g++ lite/bin/../lib/gcc/arm-none-eabi/4.4.1/../../../../arm-none-eabi/lib/thumb2\libc.a(lib_a-__atexit.o)
                0x0000376c                __register_exitproc
 .text          0x00003854       0x28 c:/program files (x86)/codesourcery/sourcery g++ lite/bin/../lib/gcc/arm-none-eabi/4.4.1/../../../../arm-none-eabi/lib/thumb2\libc.a(lib_a-closer.o)
                0x00003854                _close_r
 .text          0x0000387c       0xcc c:/program files (x86)/codesourcery/sourcery g++ lite/bin/../lib/gcc/arm-none-eabi/4.4.1/../../../../arm-none-eabi/lib/thumb2\libc.a(lib_a-fclose.o)
                0x0000387c                _fclose_r
                0x00003938                fclose
 .text          0x00003948       0x2c c:/program files (x86)/codesourcery/sourcery g++ lite/bin/../lib/gcc/arm-none-eabi/4.4.1/../../../../arm-none-eabi/lib/thumb2\libc.a(lib_a-fstatr.o)
                0x00003948                _fstat_r
 .text          0x00003974       0x28 c:/program files (x86)/codesourcery/sourcery g++ lite/bin/../lib/gcc/arm-none-eabi/4.4.1/../../../../arm-none-eabi/lib/thumb2\libc.a(lib_a-isattyr.o)
                0x00003974                _isatty_r
 .text          0x0000399c       0x2c c:/program files (x86)/codesourcery/sourcery g++ lite/bin/../lib/gcc/arm-none-eabi/4.4.1/../../../../arm-none-eabi/lib/thumb2\libc.a(lib_a-lseekr.o)
                0x0000399c                _lseek_r
 .text          0x000039c8       0x2c c:/program files (x86)/codesourcery/sourcery g++ lite/bin/../lib/gcc/arm-none-eabi/4.4.1/../../../../arm-none-eabi/lib/thumb2\libc.a(lib_a-readr.o)
                0x000039c8                _read_r
 .text          0x000039f4       0x2c c:/program files (x86)/codesourcery/sourcery g++ lite/bin/../lib/gcc/arm-none-eabi/4.4.1/thumb2\libgcc.a(_aeabi_uldivmod.o)
                0x000039f4                __aeabi_uldivmod
 .text          0x00003a20       0x58 c:/program files (x86)/codesourcery/sourcery g++ lite/bin/../lib/gcc/arm-none-eabi/4.4.1/thumb2\libgcc.a(bpabi.o)
                0x00003a20                __gnu_uldivmod_helper
                0x00003a4c                __gnu_ldivmod_helper
 .text          0x00003a78        0x4 c:/program files (x86)/codesourcery/sourcery g++ lite/bin/../lib/gcc/arm-none-eabi/4.4.1/thumb2\libgcc.a(_dvmd_tls.o)
                0x00003a78                __aeabi_idiv0
                0x00003a78                __aeabi_ldiv0
 .text          0x00003a7c      0x364 c:/program files (x86)/codesourcery/sourcery g++ lite/bin/../lib/gcc/arm-none-eabi/4.4.1/thumb2\libgcc.a(_divdi3.o)
                0x00003a7c                __divdi3
 .text          0x00003de0      0x300 c:/program files (x86)/codesourcery/sourcery g++ lite/bin/../lib/gcc/arm-none-eabi/4.4.1/thumb2\libgcc.a(_udivdi3.o)
                0x00003de0                __udivdi3
 .text          0x000040e0      0x278 c:/program files (x86)/codesourcery/sourcery g++ lite/bin/../lib/gcc/arm-none-eabi/4.4.1/thumb2\libgcc.a(_udivsi3.o)
                0x000040e0                __aeabi_uidiv
                0x000040e0                __udivsi3
                0x0000433c                __aeabi_uidivmod
 *(.rodata*)
 .rodata        0x00004358        0x8 C:\cygwin\tmp\cc4BpF4K.o
 .rodata.str1.1
                0x00004360       0x1f C:\cygwin\tmp\cc4BpF4K.o
 *fill*         0x0000437f        0x1 00
 .rodata        0x00004380      0x244 C:\cygwin\tmp\ccayOEV5.o
 .rodata.str1.1
                0x000045c4       0x37 C:\cygwin\tmp\ccMVSzx2.o
 *fill*         0x000045fb        0x1 00
 .rodata.g_pulXtals
                0x000045fc       0x6c C:/StellarisWare/driverlib/gcc-cm3\libdriver-cm3.a(sysctl.o)
 .rodata.g_pulRCGCRegs
                0x00004668        0xc C:/StellarisWare/driverlib/gcc-cm3\libdriver-cm3.a(sysctl.o)
 .rodata        0x00004674        0x4 c:/program files (x86)/codesourcery/sourcery g++ lite/bin/../lib/gcc/arm-none-eabi/4.4.1/../../../../arm-none-eabi/lib/thumb2\libc.a(lib_a-impure.o)
                0x00004674                _global_impure_ptr
 .rodata.str1.4
                0x00004678        0x2 c:/program files (x86)/codesourcery/sourcery g++ lite/bin/../lib/gcc/arm-none-eabi/4.4.1/../../../../arm-none-eabi/lib/thumb2\libc.a(lib_a-impure.o)
                                  0x4 (size before relaxing)
 *fill*         0x0000467a        0x2 00
 .rodata        0x0000467c       0x20 c:/program files (x86)/codesourcery/sourcery g++ lite/bin/../lib/gcc/arm-none-eabi/4.4.1/../../../../arm-none-eabi/lib/thumb2\libc.a(lib_a-vfiprintf.o)
 .rodata.str1.4
                0x0000469c       0x30 c:/program files (x86)/codesourcery/sourcery g++ lite/bin/../lib/gcc/arm-none-eabi/4.4.1/../../../../arm-none-eabi/lib/thumb2\libc.a(lib_a-vfiprintf.o)
 .rodata        0x000046cc       0x60 c:/program files (x86)/codesourcery/sourcery g++ lite/bin/../lib/gcc/arm-none-eabi/4.4.1/../../../../arm-none-eabi/lib/thumb2\libc.a(lib_a-findfp.o)
                0x000046cc                __sf_fake_stdin
                0x000046ec                __sf_fake_stdout
                0x0000470c                __sf_fake_stderr

.glue_7         0x0000472c        0x0
 .glue_7        0x00000000        0x0 linker stubs

.glue_7t        0x0000472c        0x0
 .glue_7t       0x00000000        0x0 linker stubs

.vfp11_veneer   0x0000472c        0x0
 .vfp11_veneer  0x00000000        0x0 linker stubs

.v4_bx          0x0000472c        0x0
 .v4_bx         0x00000000        0x0 linker stubs

.fini           0x0000472c        0x4
 .fini          0x0000472c        0x4 c:/program files (x86)/codesourcery/sourcery g++ lite/bin/../lib/gcc/arm-none-eabi/4.4.1/thumb2/crti.o
                0x0000472c                _fini

.ARM.exidx      0x00004730        0x8
 *(.ARM.exidx)
 .ARM.exidx     0x00004730        0x8 c:/program files (x86)/codesourcery/sourcery g++ lite/bin/../lib/gcc/arm-none-eabi/4.4.1/thumb2\libgcc.a(_divdi3.o)
 .ARM.exidx     0x00004738        0x0 c:/program files (x86)/codesourcery/sourcery g++ lite/bin/../lib/gcc/arm-none-eabi/4.4.1/thumb2\libgcc.a(_udivdi3.o)
                                  0x8 (size before relaxing)
                0x00004738                _etext = .

.data           0x20000000      0x504 load address 0x00004738
                0x20000000                _data = .
 *(vtable)
 *(.data*)
 .data          0x20000000       0xf4 c:/program files (x86)/codesourcery/sourcery g++ lite/bin/../lib/gcc/arm-none-eabi/4.4.1/../../../../arm-none-eabi/lib/thumb2\libc.a(lib_a-impure.o)
                0x20000000                _impure_ptr
 .data          0x200000f4      0x410 c:/program files (x86)/codesourcery/sourcery g++ lite/bin/../lib/gcc/arm-none-eabi/4.4.1/../../../../arm-none-eabi/lib/thumb2\libc.a(lib_a-mallocr.o)
                0x200000f4                __malloc_av_
                0x200004fc                __malloc_sbrk_base
                0x20000500                __malloc_trim_threshold
                0x20000504                _edata = .

.bss            0x20000504      0x17c load address 0x00004c3c
                0x20000504                _bss = .
 *(.bss*)
 .bss           0x20000504      0x124 C:\cygwin\tmp\cc4BpF4K.o
 .bss           0x20000628        0xc C:\cygwin\tmp\ccayOEV5.o
 .bss           0x20000634        0x8 C:\cygwin\tmp\ccMx9IiC.o
                0x20000634                count
                0x20000638                lockedThread
 .bss           0x2000063c       0x34 c:/program files (x86)/codesourcery/sourcery g++ lite/bin/../lib/gcc/arm-none-eabi/4.4.1/../../../../arm-none-eabi/lib/thumb2\libc.a(lib_a-mallocr.o)
                0x2000063c                __malloc_top_pad
                0x20000640                __malloc_current_mallinfo
                0x20000668                __malloc_max_sbrked_mem
                0x2000066c                __malloc_max_total_mem
 *(COMMON)
 COMMON         0x20000670        0x8 C:\cygwin\tmp\cc4BpF4K.o
                0x20000670                threadlock
                0x20000674                currThread
 COMMON         0x20000678        0x4 C:\cygwin\tmp\ccYtERG5.o
                0x20000678                heap_end
 COMMON         0x2000067c        0x4 c:/program files (x86)/codesourcery/sourcery g++ lite/bin/../lib/gcc/arm-none-eabi/4.4.1/../../../../arm-none-eabi/lib/thumb2\libc.a(lib_a-reent.o)
                0x2000067c                errno
                0x20000680                _ebss = .
                0x20000680                end = .
OUTPUT(lockdemo.elf elf32-littlearm)

.ARM.attributes
                0x00000000       0x25
 .ARM.attributes
                0x00000000       0x19 c:/program files (x86)/codesourcery/sourcery g++ lite/bin/../lib/gcc/arm-none-eabi/4.4.1/thumb2/crti.o
 .ARM.attributes
                0x00000019       0x29 c:/program files (x86)/codesourcery/sourcery g++ lite/bin/../lib/gcc/arm-none-eabi/4.4.1/thumb2/crtbegin.o
 .ARM.attributes
                0x00000042       0x31 C:\cygwin\tmp\cc4BpF4K.o
 .ARM.attributes
                0x00000073       0x31 C:\cygwin\tmp\ccfGDCXj.o
 .ARM.attributes
                0x000000a4       0x31 C:\cygwin\tmp\ccYtERG5.o
 .ARM.attributes
                0x000000d5       0x31 C:\cygwin\tmp\ccayOEV5.o
 .ARM.attributes
                0x00000106       0x1b C:\cygwin\tmp\ccMZJb5a.o
 .ARM.attributes
                0x00000121       0x1b C:\cygwin\tmp\ccEN62Pk.o
 .ARM.attributes
                0x0000013c       0x31 C:\cygwin\tmp\ccMx9IiC.o
 .ARM.attributes
                0x0000016d       0x31 C:\cygwin\tmp\ccMVSzx2.o
 .ARM.attributes
                0x0000019e       0x31 C:/StellarisWare/driverlib/gcc-cm3\libdriver-cm3.a(gpio.o)
 .ARM.attributes
                0x000001cf       0x31 C:/StellarisWare/driverlib/gcc-cm3\libdriver-cm3.a(interrupt.o)
 .ARM.attributes
                0x00000200       0x31 C:/StellarisWare/driverlib/gcc-cm3\libdriver-cm3.a(ssi.o)
 .ARM.attributes
                0x00000231       0x31 C:/StellarisWare/driverlib/gcc-cm3\libdriver-cm3.a(sysctl.o)
 .ARM.attributes
                0x00000262       0x31 C:/StellarisWare/driverlib/gcc-cm3\libdriver-cm3.a(uart.o)
 .ARM.attributes
                0x00000293       0x31 C:/StellarisWare/driverlib/gcc-cm3\libdriver-cm3.a(cpu.o)
 .ARM.attributes
                0x000002c4       0x29 c:/program files (x86)/codesourcery/sourcery g++ lite/bin/../lib/gcc/arm-none-eabi/4.4.1/../../../../arm-none-eabi/lib/thumb2\libc.a(lib_a-errno.o)
 .ARM.attributes
                0x000002ed       0x29 c:/program files (x86)/codesourcery/sourcery g++ lite/bin/../lib/gcc/arm-none-eabi/4.4.1/../../../../arm-none-eabi/lib/thumb2\libc.a(lib_a-exit.o)
 .ARM.attributes
                0x00000316       0x29 c:/program files (x86)/codesourcery/sourcery g++ lite/bin/../lib/gcc/arm-none-eabi/4.4.1/../../../../arm-none-eabi/lib/thumb2\libc.a(lib_a-impure.o)
 .ARM.attributes
                0x0000033f       0x29 c:/program files (x86)/codesourcery/sourcery g++ lite/bin/../lib/gcc/arm-none-eabi/4.4.1/../../../../arm-none-eabi/lib/thumb2\libc.a(lib_a-iprintf.o)
 .ARM.attributes
                0x00000368       0x29 c:/program files (x86)/codesourcery/sourcery g++ lite/bin/../lib/gcc/arm-none-eabi/4.4.1/../../../../arm-none-eabi/lib/thumb2\libc.a(lib_a-malloc.o)
 .ARM.attributes
                0x00000391       0x29 c:/program files (x86)/codesourcery/sourcery g++ lite/bin/../lib/gcc/arm-none-eabi/4.4.1/../../../../arm-none-eabi/lib/thumb2\libc.a(lib_a-mallocr.o)
 .ARM.attributes
                0x000003ba       0x29 c:/program files (x86)/codesourcery/sourcery g++ lite/bin/../lib/gcc/arm-none-eabi/4.4.1/../../../../arm-none-eabi/lib/thumb2\libc.a(lib_a-mlock.o)
 .ARM.attributes
                0x000003e3       0x29 c:/program files (x86)/codesourcery/sourcery g++ lite/bin/../lib/gcc/arm-none-eabi/4.4.1/../../../../arm-none-eabi/lib/thumb2\libc.a(lib_a-sbrkr.o)
 .ARM.attributes
                0x0000040c       0x19 c:/program files (x86)/codesourcery/sourcery g++ lite/bin/../lib/gcc/arm-none-eabi/4.4.1/../../../../arm-none-eabi/lib/thumb2\libc.a(lib_a-setjmp.o)
 .ARM.attributes
                0x00000425       0x29 c:/program files (x86)/codesourcery/sourcery g++ lite/bin/../lib/gcc/arm-none-eabi/4.4.1/../../../../arm-none-eabi/lib/thumb2\libc.a(lib_a-vfiprintf.o)
 .ARM.attributes
                0x0000044e       0x29 c:/program files (x86)/codesourcery/sourcery g++ lite/bin/../lib/gcc/arm-none-eabi/4.4.1/../../../../arm-none-eabi/lib/thumb2\libc.a(lib_a-wsetup.o)
 .ARM.attributes
                0x00000477       0x29 c:/program files (x86)/codesourcery/sourcery g++ lite/bin/../lib/gcc/arm-none-eabi/4.4.1/../../../../arm-none-eabi/lib/thumb2\libc.a(lib_a-__call_atexit.o)
 .ARM.attributes
                0x000004a0       0x29 c:/program files (x86)/codesourcery/sourcery g++ lite/bin/../lib/gcc/arm-none-eabi/4.4.1/../../../../arm-none-eabi/lib/thumb2\libc.a(lib_a-atexit.o)
 .ARM.attributes
                0x000004c9       0x29 c:/program files (x86)/codesourcery/sourcery g++ lite/bin/../lib/gcc/arm-none-eabi/4.4.1/../../../../arm-none-eabi/lib/thumb2\libc.a(lib_a-fflush.o)
 .ARM.attributes
                0x000004f2       0x29 c:/program files (x86)/codesourcery/sourcery g++ lite/bin/../lib/gcc/arm-none-eabi/4.4.1/../../../../arm-none-eabi/lib/thumb2\libc.a(lib_a-findfp.o)
 .ARM.attributes
                0x0000051b       0x29 c:/program files (x86)/codesourcery/sourcery g++ lite/bin/../lib/gcc/arm-none-eabi/4.4.1/../../../../arm-none-eabi/lib/thumb2\libc.a(lib_a-fini.o)
 .ARM.attributes
                0x00000544       0x29 c:/program files (x86)/codesourcery/sourcery g++ lite/bin/../lib/gcc/arm-none-eabi/4.4.1/../../../../arm-none-eabi/lib/thumb2\libc.a(lib_a-freer.o)
 .ARM.attributes
                0x0000056d       0x29 c:/program files (x86)/codesourcery/sourcery g++ lite/bin/../lib/gcc/arm-none-eabi/4.4.1/../../../../arm-none-eabi/lib/thumb2\libc.a(lib_a-fvwrite.o)
 .ARM.attributes
                0x00000596       0x29 c:/program files (x86)/codesourcery/sourcery g++ lite/bin/../lib/gcc/arm-none-eabi/4.4.1/../../../../arm-none-eabi/lib/thumb2\libc.a(lib_a-fwalk.o)
 .ARM.attributes
                0x000005bf       0x29 c:/program files (x86)/codesourcery/sourcery g++ lite/bin/../lib/gcc/arm-none-eabi/4.4.1/../../../../arm-none-eabi/lib/thumb2\libc.a(lib_a-makebuf.o)
 .ARM.attributes
                0x000005e8       0x29 c:/program files (x86)/codesourcery/sourcery g++ lite/bin/../lib/gcc/arm-none-eabi/4.4.1/../../../../arm-none-eabi/lib/thumb2\libc.a(lib_a-memchr.o)
 .ARM.attributes
                0x00000611       0x29 c:/program files (x86)/codesourcery/sourcery g++ lite/bin/../lib/gcc/arm-none-eabi/4.4.1/../../../../arm-none-eabi/lib/thumb2\libc.a(lib_a-memcpy.o)
 .ARM.attributes
                0x0000063a       0x29 c:/program files (x86)/codesourcery/sourcery g++ lite/bin/../lib/gcc/arm-none-eabi/4.4.1/../../../../arm-none-eabi/lib/thumb2\libc.a(lib_a-memmove.o)
 .ARM.attributes
                0x00000663       0x29 c:/program files (x86)/codesourcery/sourcery g++ lite/bin/../lib/gcc/arm-none-eabi/4.4.1/../../../../arm-none-eabi/lib/thumb2\libc.a(lib_a-memset.o)
 .ARM.attributes
                0x0000068c       0x29 c:/program files (x86)/codesourcery/sourcery g++ lite/bin/../lib/gcc/arm-none-eabi/4.4.1/../../../../arm-none-eabi/lib/thumb2\libc.a(lib_a-reallocr.o)
 .ARM.attributes
                0x000006b5       0x29 c:/program files (x86)/codesourcery/sourcery g++ lite/bin/../lib/gcc/arm-none-eabi/4.4.1/../../../../arm-none-eabi/lib/thumb2\libc.a(lib_a-reent.o)
 .ARM.attributes
                0x000006de       0x29 c:/program files (x86)/codesourcery/sourcery g++ lite/bin/../lib/gcc/arm-none-eabi/4.4.1/../../../../arm-none-eabi/lib/thumb2\libc.a(lib_a-stdio.o)
 .ARM.attributes
                0x00000707       0x29 c:/program files (x86)/codesourcery/sourcery g++ lite/bin/../lib/gcc/arm-none-eabi/4.4.1/../../../../arm-none-eabi/lib/thumb2\libc.a(lib_a-strlen.o)
 .ARM.attributes
                0x00000730       0x29 c:/program files (x86)/codesourcery/sourcery g++ lite/bin/../lib/gcc/arm-none-eabi/4.4.1/../../../../arm-none-eabi/lib/thumb2\libc.a(lib_a-writer.o)
 .ARM.attributes
                0x00000759       0x29 c:/program files (x86)/codesourcery/sourcery g++ lite/bin/../lib/gcc/arm-none-eabi/4.4.1/../../../../arm-none-eabi/lib/thumb2\libc.a(lib_a-__atexit.o)
 .ARM.attributes
                0x00000782       0x29 c:/program files (x86)/codesourcery/sourcery g++ lite/bin/../lib/gcc/arm-none-eabi/4.4.1/../../../../arm-none-eabi/lib/thumb2\libc.a(lib_a-closer.o)
 .ARM.attributes
                0x000007ab       0x29 c:/program files (x86)/codesourcery/sourcery g++ lite/bin/../lib/gcc/arm-none-eabi/4.4.1/../../../../arm-none-eabi/lib/thumb2\libc.a(lib_a-fclose.o)
 .ARM.attributes
                0x000007d4       0x29 c:/program files (x86)/codesourcery/sourcery g++ lite/bin/../lib/gcc/arm-none-eabi/4.4.1/../../../../arm-none-eabi/lib/thumb2\libc.a(lib_a-fstatr.o)
 .ARM.attributes
                0x000007fd       0x29 c:/program files (x86)/codesourcery/sourcery g++ lite/bin/../lib/gcc/arm-none-eabi/4.4.1/../../../../arm-none-eabi/lib/thumb2\libc.a(lib_a-isattyr.o)
 .ARM.attributes
                0x00000826       0x29 c:/program files (x86)/codesourcery/sourcery g++ lite/bin/../lib/gcc/arm-none-eabi/4.4.1/../../../../arm-none-eabi/lib/thumb2\libc.a(lib_a-lseekr.o)
 .ARM.attributes
                0x0000084f       0x29 c:/program files (x86)/codesourcery/sourcery g++ lite/bin/../lib/gcc/arm-none-eabi/4.4.1/../../../../arm-none-eabi/lib/thumb2\libc.a(lib_a-readr.o)
 .ARM.attributes
                0x00000878       0x1b c:/program files (x86)/codesourcery/sourcery g++ lite/bin/../lib/gcc/arm-none-eabi/4.4.1/thumb2\libgcc.a(_aeabi_uldivmod.o)
 .ARM.attributes
                0x00000893       0x29 c:/program files (x86)/codesourcery/sourcery g++ lite/bin/../lib/gcc/arm-none-eabi/4.4.1/thumb2\libgcc.a(bpabi.o)
 .ARM.attributes
                0x000008bc       0x1b c:/program files (x86)/codesourcery/sourcery g++ lite/bin/../lib/gcc/arm-none-eabi/4.4.1/thumb2\libgcc.a(_dvmd_tls.o)
 .ARM.attributes
                0x000008d7       0x29 c:/program files (x86)/codesourcery/sourcery g++ lite/bin/../lib/gcc/arm-none-eabi/4.4.1/thumb2\libgcc.a(_divdi3.o)
 .ARM.attributes
                0x00000900       0x29 c:/program files (x86)/codesourcery/sourcery g++ lite/bin/../lib/gcc/arm-none-eabi/4.4.1/thumb2\libgcc.a(_udivdi3.o)
 .ARM.attributes
                0x00000929       0x1b c:/program files (x86)/codesourcery/sourcery g++ lite/bin/../lib/gcc/arm-none-eabi/4.4.1/thumb2\libgcc.a(_udivsi3.o)
 .ARM.attributes
                0x00000944       0x29 c:/program files (x86)/codesourcery/sourcery g++ lite/bin/../lib/gcc/arm-none-eabi/4.4.1/thumb2/crtend.o
 .ARM.attributes
                0x0000096d       0x19 c:/program files (x86)/codesourcery/sourcery g++ lite/bin/../lib/gcc/arm-none-eabi/4.4.1/thumb2/crtn.o

.comment        0x00000000      0x12d
 .comment       0x00000000       0x2b C:\cygwin\tmp\cc4BpF4K.o
 .comment       0x0000002b       0x2b C:\cygwin\tmp\ccfGDCXj.o
 .comment       0x00000056       0x2b C:\cygwin\tmp\ccYtERG5.o
 .comment       0x00000081       0x2b C:\cygwin\tmp\ccayOEV5.o
 .comment       0x000000ac       0x2b C:\cygwin\tmp\ccMx9IiC.o
 .comment       0x000000d7       0x2b C:\cygwin\tmp\ccMVSzx2.o
 .comment       0x00000102       0x2b C:/StellarisWare/driverlib/gcc-cm3\libdriver-cm3.a(gpio.o)
                                 0x2c (size before relaxing)
 .comment       0x00000000       0x2c C:/StellarisWare/driverlib/gcc-cm3\libdriver-cm3.a(interrupt.o)
 .comment       0x00000000       0x2c C:/StellarisWare/driverlib/gcc-cm3\libdriver-cm3.a(ssi.o)
 .comment       0x00000000       0x2c C:/StellarisWare/driverlib/gcc-cm3\libdriver-cm3.a(sysctl.o)
 .comment       0x00000000       0x2c C:/StellarisWare/driverlib/gcc-cm3\libdriver-cm3.a(uart.o)
 .comment       0x00000000       0x2c C:/StellarisWare/driverlib/gcc-cm3\libdriver-cm3.a(cpu.o)

.debug_frame    0x00000000      0x950
 .debug_frame   0x00000000       0x20 c:/program files (x86)/codesourcery/sourcery g++ lite/bin/../lib/gcc/arm-none-eabi/4.4.1/../../../../arm-none-eabi/lib/thumb2\libc.a(lib_a-errno.o)
 .debug_frame   0x00000020       0x28 c:/program files (x86)/codesourcery/sourcery g++ lite/bin/../lib/gcc/arm-none-eabi/4.4.1/../../../../arm-none-eabi/lib/thumb2\libc.a(lib_a-exit.o)
 .debug_frame   0x00000048       0x5c c:/program files (x86)/codesourcery/sourcery g++ lite/bin/../lib/gcc/arm-none-eabi/4.4.1/../../../../arm-none-eabi/lib/thumb2\libc.a(lib_a-iprintf.o)
 .debug_frame   0x000000a4       0x30 c:/program files (x86)/codesourcery/sourcery g++ lite/bin/../lib/gcc/arm-none-eabi/4.4.1/../../../../arm-none-eabi/lib/thumb2\libc.a(lib_a-malloc.o)
 .debug_frame   0x000000d4       0x3c c:/program files (x86)/codesourcery/sourcery g++ lite/bin/../lib/gcc/arm-none-eabi/4.4.1/../../../../arm-none-eabi/lib/thumb2\libc.a(lib_a-mallocr.o)
 .debug_frame   0x00000110       0x30 c:/program files (x86)/codesourcery/sourcery g++ lite/bin/../lib/gcc/arm-none-eabi/4.4.1/../../../../arm-none-eabi/lib/thumb2\libc.a(lib_a-mlock.o)
 .debug_frame   0x00000140       0x2c c:/program files (x86)/codesourcery/sourcery g++ lite/bin/../lib/gcc/arm-none-eabi/4.4.1/../../../../arm-none-eabi/lib/thumb2\libc.a(lib_a-sbrkr.o)
 .debug_frame   0x0000016c       0x70 c:/program files (x86)/codesourcery/sourcery g++ lite/bin/../lib/gcc/arm-none-eabi/4.4.1/../../../../arm-none-eabi/lib/thumb2\libc.a(lib_a-vfiprintf.o)
 .debug_frame   0x000001dc       0x2c c:/program files (x86)/codesourcery/sourcery g++ lite/bin/../lib/gcc/arm-none-eabi/4.4.1/../../../../arm-none-eabi/lib/thumb2\libc.a(lib_a-wsetup.o)
 .debug_frame   0x00000208       0x4c c:/program files (x86)/codesourcery/sourcery g++ lite/bin/../lib/gcc/arm-none-eabi/4.4.1/../../../../arm-none-eabi/lib/thumb2\libc.a(lib_a-__call_atexit.o)
 .debug_frame   0x00000254       0x20 c:/program files (x86)/codesourcery/sourcery g++ lite/bin/../lib/gcc/arm-none-eabi/4.4.1/../../../../arm-none-eabi/lib/thumb2\libc.a(lib_a-atexit.o)
 .debug_frame   0x00000274       0x40 c:/program files (x86)/codesourcery/sourcery g++ lite/bin/../lib/gcc/arm-none-eabi/4.4.1/../../../../arm-none-eabi/lib/thumb2\libc.a(lib_a-fflush.o)
 .debug_frame   0x000002b4      0x11c c:/program files (x86)/codesourcery/sourcery g++ lite/bin/../lib/gcc/arm-none-eabi/4.4.1/../../../../arm-none-eabi/lib/thumb2\libc.a(lib_a-findfp.o)
 .debug_frame   0x000003d0       0x2c c:/program files (x86)/codesourcery/sourcery g++ lite/bin/../lib/gcc/arm-none-eabi/4.4.1/../../../../arm-none-eabi/lib/thumb2\libc.a(lib_a-fini.o)
 .debug_frame   0x000003fc       0x50 c:/program files (x86)/codesourcery/sourcery g++ lite/bin/../lib/gcc/arm-none-eabi/4.4.1/../../../../arm-none-eabi/lib/thumb2\libc.a(lib_a-freer.o)
 .debug_frame   0x0000044c       0x3c c:/program files (x86)/codesourcery/sourcery g++ lite/bin/../lib/gcc/arm-none-eabi/4.4.1/../../../../arm-none-eabi/lib/thumb2\libc.a(lib_a-fvwrite.o)
 .debug_frame   0x00000488       0x54 c:/program files (x86)/codesourcery/sourcery g++ lite/bin/../lib/gcc/arm-none-eabi/4.4.1/../../../../arm-none-eabi/lib/thumb2\libc.a(lib_a-fwalk.o)
 .debug_frame   0x000004dc       0x34 c:/program files (x86)/codesourcery/sourcery g++ lite/bin/../lib/gcc/arm-none-eabi/4.4.1/../../../../arm-none-eabi/lib/thumb2\libc.a(lib_a-makebuf.o)
 .debug_frame   0x00000510       0x28 c:/program files (x86)/codesourcery/sourcery g++ lite/bin/../lib/gcc/arm-none-eabi/4.4.1/../../../../arm-none-eabi/lib/thumb2\libc.a(lib_a-memchr.o)
 .debug_frame   0x00000538       0x34 c:/program files (x86)/codesourcery/sourcery g++ lite/bin/../lib/gcc/arm-none-eabi/4.4.1/../../../../arm-none-eabi/lib/thumb2\libc.a(lib_a-memcpy.o)
 .debug_frame   0x0000056c       0x2c c:/program files (x86)/codesourcery/sourcery g++ lite/bin/../lib/gcc/arm-none-eabi/4.4.1/../../../../arm-none-eabi/lib/thumb2\libc.a(lib_a-memmove.o)
 .debug_frame   0x00000598       0x28 c:/program files (x86)/codesourcery/sourcery g++ lite/bin/../lib/gcc/arm-none-eabi/4.4.1/../../../../arm-none-eabi/lib/thumb2\libc.a(lib_a-memset.o)
 .debug_frame   0x000005c0       0x3c c:/program files (x86)/codesourcery/sourcery g++ lite/bin/../lib/gcc/arm-none-eabi/4.4.1/../../../../arm-none-eabi/lib/thumb2\libc.a(lib_a-reallocr.o)
 .debug_frame   0x000005fc       0x64 c:/program files (x86)/codesourcery/sourcery g++ lite/bin/../lib/gcc/arm-none-eabi/4.4.1/../../../../arm-none-eabi/lib/thumb2\libc.a(lib_a-reent.o)
 .debug_frame   0x00000660       0x70 c:/program files (x86)/codesourcery/sourcery g++ lite/bin/../lib/gcc/arm-none-eabi/4.4.1/../../../../arm-none-eabi/lib/thumb2\libc.a(lib_a-stdio.o)
 .debug_frame   0x000006d0       0x20 c:/program files (x86)/codesourcery/sourcery g++ lite/bin/../lib/gcc/arm-none-eabi/4.4.1/../../../../arm-none-eabi/lib/thumb2\libc.a(lib_a-strlen.o)
 .debug_frame   0x000006f0       0x2c c:/program files (x86)/codesourcery/sourcery g++ lite/bin/../lib/gcc/arm-none-eabi/4.4.1/../../../../arm-none-eabi/lib/thumb2\libc.a(lib_a-writer.o)
 .debug_frame   0x0000071c       0x34 c:/program files (x86)/codesourcery/sourcery g++ lite/bin/../lib/gcc/arm-none-eabi/4.4.1/../../../../arm-none-eabi/lib/thumb2\libc.a(lib_a-__atexit.o)
 .debug_frame   0x00000750       0x2c c:/program files (x86)/codesourcery/sourcery g++ lite/bin/../lib/gcc/arm-none-eabi/4.4.1/../../../../arm-none-eabi/lib/thumb2\libc.a(lib_a-closer.o)
 .debug_frame   0x0000077c       0x3c c:/program files (x86)/codesourcery/sourcery g++ lite/bin/../lib/gcc/arm-none-eabi/4.4.1/../../../../arm-none-eabi/lib/thumb2\libc.a(lib_a-fclose.o)
 .debug_frame   0x000007b8       0x2c c:/program files (x86)/codesourcery/sourcery g++ lite/bin/../lib/gcc/arm-none-eabi/4.4.1/../../../../arm-none-eabi/lib/thumb2\libc.a(lib_a-fstatr.o)
 .debug_frame   0x000007e4       0x2c c:/program files (x86)/codesourcery/sourcery g++ lite/bin/../lib/gcc/arm-none-eabi/4.4.1/../../../../arm-none-eabi/lib/thumb2\libc.a(lib_a-isattyr.o)
 .debug_frame   0x00000810       0x2c c:/program files (x86)/codesourcery/sourcery g++ lite/bin/../lib/gcc/arm-none-eabi/4.4.1/../../../../arm-none-eabi/lib/thumb2\libc.a(lib_a-lseekr.o)
 .debug_frame   0x0000083c       0x2c c:/program files (x86)/codesourcery/sourcery g++ lite/bin/../lib/gcc/arm-none-eabi/4.4.1/../../../../arm-none-eabi/lib/thumb2\libc.a(lib_a-readr.o)
 .debug_frame   0x00000868       0x50 c:/program files (x86)/codesourcery/sourcery g++ lite/bin/../lib/gcc/arm-none-eabi/4.4.1/thumb2\libgcc.a(bpabi.o)
 .debug_frame   0x000008b8       0x3c c:/program files (x86)/codesourcery/sourcery g++ lite/bin/../lib/gcc/arm-none-eabi/4.4.1/thumb2\libgcc.a(_divdi3.o)
 .debug_frame   0x000008f4       0x3c c:/program files (x86)/codesourcery/sourcery g++ lite/bin/../lib/gcc/arm-none-eabi/4.4.1/thumb2\libgcc.a(_udivdi3.o)
 .debug_frame   0x00000930       0x20 c:/program files (x86)/codesourcery/sourcery g++ lite/bin/../lib/gcc/arm-none-eabi/4.4.1/thumb2\libgcc.a(_udivsi3.o)
